 gcc -g p3original.c;./a.out
enter the number:6
6 is not a prime number. 
 gdb a.out
GNU gdb (Ubuntu 8.1.1-0ubuntu1) 8.1.1
Copyright (C) 2018 Free Software Foundation, Inc.
License GPLv3+: GNU GPL version 3 or later <http://gnu.org/licenses/gpl.html>
This is free software: you are free to change and redistribute it.
There is NO WARRANTY, to the extent permitted by law.  Type "show copying"
and "show warranty" for details.
This GDB was configured as "x86_64-linux-gnu".
Type "show configuration" for configuration details.
For bug reporting instructions, please see:
<http://www.gnu.org/software/gdb/bugs/>.
Find the GDB manual and other documentation resources online at:
<http://www.gnu.org/software/gdb/documentation/>.
For help, type "help".
Type "apropos word" to search for commands related to "word"...
Reading symbols from a.out...done.
(gdb) b main
Breakpoint 1 at 0x81a: file p3original.c, line 35.
(gdb) r
Starting program: /home/runner/Test2Session1/a.out 
warning: Error disabling address space randomization: Operation not permitted

Breakpoint 1, main () at p3original.c:35
35    n=input_number();
(gdb) s
input_number () at p3original.c:3
3   {
(gdb) n
5     printf("enter the number:");
(gdb) n
6     scanf("%d",&n);
(gdb) n
enter the number:8
7     return n;
(gdb) n
8   }
(gdb) n
main () at p3original.c:36
36    isprime=is_prime(n);
(gdb) s
is_prime (n=8) at p3original.c:12
12    int i, temp = 0;
(gdb) n
13    if (n == 0 || n == 1)
(gdb) n
15    for (i = 2; i <= n / 2; ++i) 
(gdb) n
16    if (n % i == 0)
(gdb) n
18     temp = 1;
(gdb) n
19     break;
(gdb) n
21    return temp;
(gdb) n
22  }
(gdb) n
main () at p3original.c:37
37    output(n,isprime);
(gdb) s
output (n=8, isprime=1) at p3original.c:26
26    if (isprime == 0)
(gdb) n
29    printf("%d is not a prime number.", n);
(gdb) n
30  }
(gdb) n
main () at p3original.c:38
38    return 0;
(gdb) n
39  }
(gdb) n
__libc_start_main (main=0x55e5f9a00812 <main>, 
    argc=1, argv=0x7ffedf455458, 
    init=<optimized out>, fini=<optimized out>, 
    rtld_fini=<optimized out>, 
    stack_end=0x7ffedf455448)
    at ../csu/libc-start.c:344
344 ../csu/libc-start.c: No such file or directory.
(gdb) c
Continuing.
8 is not a prime number.[Inferior 1 (process 511) exited normally]
(gdb) q
 